[    0.000000] Booting Linux on physical CPU 0x200
[    0.000000] Initializing cgroup subsys cpuset
[    0.000000] Initializing cgroup subsys cpu
[    0.000000] Initializing cgroup subsys cpuacct
[    0.000000] Linux version 3.10.107 (odroid@odroid) (gcc version 5.4.0 20160609 (Ubuntu/Linaro 5.4.0-6ubuntu1~16.04.5) ) #3 SMP PREEMPT Thu Jan 25 21:55:10 UTC 2018
[    0.000000] Kernel was built at commit id '20e1fdd'
[    0.000000] CPU: ARMv7 Processor [410fc051] revision 1 (ARMv7), cr=10c5387d
[    0.000000] CPU: PIPT / VIPT nonaliasing data cache, VIPT aliasing instruction cache
[    0.000000] Machine: ODROIDC, model: AMLOGIC
[    0.000000] physical memory start address is 0x200000
[    0.000000] reserved_end is e3fffff 
                
[    0.000000] Total memory is 1022 MiB
[    0.000000] Reserved low memory from 0x06000000 to 0x0e3fffff, size: 132 MiB 
[    0.000000] 	mesonfb0(low)   	: 0x06100000 - 0x07900000 ( 24 MiB)
[    0.000000] 	mesonfb1(low)   	: 0x07900000 - 0x07a00000 (  1 MiB)
[    0.000000] 	mesonstream0(low)   	: 0x07a00000 - 0x09a00000 ( 32 MiB)
[    0.000000] 	vdec0(low)   	: 0x09a00000 - 0x0da00000 ( 64 MiB)
[    0.000000] 	ppmgr0(high)   	: 0x3f000000 - 0x40000000 ( 16 MiB)
[    0.000000] 	deinterlace0(high)   	: 0x3cf00000 - 0x3f000000 ( 33 MiB)
[    0.000000] 	amvideocap0(low)   	: 0x0da00000 - 0x0e400000 ( 10 MiB)
[    0.000000] cma: CMA: reserved 8 MiB at 3c400000
[    0.000000] cma: Found region@0, memory base 0, size 42 MiB
[    0.000000] cma: CMA: reserved 44 MiB at 2cc00000
[    0.000000] Memory policy: ECC disabled, Data cache writealloc
[    0.000000] On node 0 totalpages: 211712
[    0.000000] free_area_init_node: node 0, pgdat c09e2d80, node_mem_map c0c7c000
[    0.000000]   Normal zone: 1520 pages used for memmap
[    0.000000]   Normal zone: 0 pages reserved
[    0.000000]   Normal zone: 157184 pages, LIFO batch:31
[    0.000000]   HighMem zone: 426 pages used for memmap
[    0.000000]   HighMem zone: 54528 pages, LIFO batch:15
[    0.000000] Meson chip version = RevA (1B:A - 0:B72)
[    0.000000] PERCPU: Embedded 8 pages/cpu @c1426000 s8512 r8192 d16064 u32768
[    0.000000] pcpu-alloc: s8512 r8192 d16064 u32768 alloc=8*4096
[    0.000000] pcpu-alloc: [0] 0 [0] 1 [0] 2 [0] 3 
[    0.000000] Built 1 zonelists in Zone order, mobility grouping on.  Total pages: 210192
[    0.000000] Kernel command line: root=UUID=e139ce78-9841-40fe-8823-96a304a09859 rootwait ro console=tty0 console=ttyS0,115200n8 no_console_suspend fsck.repair=yes vdaccfg=0xa000 logo=osd1,loaded,0x7900000,720p,full dmfc=3 cvbsmode=576cvbs hdmimode=800x480p60hz m_bpp=32 vout=dvi disableuhs disablehpd=true monitor_onoff=false max_freq=1536 usbhid.quirks=0x0eef:0x0005:0x0004
[    0.000000] cvbs trimming line = 0xa000
[    0.000000] cvbs trimming.1.v5: 0xa0, 0x0
[    0.000000] osd1:1
[    0.000000] loaded:268435459
[    0.000000] logo has been loaded
[    0.000000] 720p:12
[    0.000000] full:2
[    0.000000] kernel get cvbsmode form uboot is 576cvbs
[    0.000000] kernel get hdmimode form uboot is 800x480p60hz
[    0.000000] PID hash table entries: 4096 (order: 2, 16384 bytes)
[    0.000000] Dentry cache hash table entries: 131072 (order: 7, 524288 bytes)
[    0.000000] Inode-cache hash table entries: 65536 (order: 6, 262144 bytes)
[    0.000000] allocated 1992704 bytes of page_cgroup
[    0.000000] please try 'cgroup_disable=memory' option if you don't want memory cgroups
[    0.000000] Memory: 64MB 16MB 747MB = 827MB total
[    0.000000] Memory: 760944k/760944k available, 85904k reserved, 209920K highmem
[    0.000000] Virtual kernel memory layout:
                   vector  : 0xffff0000 - 0xffff1000   (   4 kB)
                   fixmap  : 0xfff00000 - 0xfffe0000   ( 896 kB)
                   vmalloc : 0xf0000000 - 0xff000000   ( 240 MB)
                   lowmem  : 0xc0000000 - 0xef800000   ( 760 MB)
                   pkmap   : 0xbfe00000 - 0xc0000000   (   2 MB)
                   modules : 0xbf000000 - 0xbfe00000   (  14 MB)
                     .text : 0xc0008000 - 0xc0934bac   (9395 kB)
                     .init : 0xc0935000 - 0xc096d140   ( 225 kB)
                     .data : 0xc096e000 - 0xc09e3cc0   ( 472 kB)
                      .bss : 0xc09e3cc0 - 0xc0c7767c   (2639 kB)
[    0.000000] SLUB: HWalign=64, Order=0-3, MinObjects=0, CPUs=4, Nodes=1
[    0.000000] Preemptible hierarchical RCU implementation.
[    0.000000] NR_IRQS:256
[    0.000000] sched_clock: 32 bits at 1000kHz, resolution 1000ns, wraps every 4294967ms
[    0.000000] Global timer: MESON TIMER-F (c0989440) initialized
[    0.000000] Switching to timer-based delay loop
[    0.000000] Console: colour dummy device 80x30
[    0.000000] console [tty0] enabled
[    0.000000] meson_serial_console_setup
[    0.000000] console [ttyS0] enabled
[    0.379103] Calibrating delay loop (skipped), value calculated using timer frequency.. 2.00 BogoMIPS (lpj=10000)
[    0.389374] pid_max: default: 32768 minimum: 301
[    0.394375] Security Framework initialized
[    0.398416] AppArmor: AppArmor initialized
[    0.402749] Mount-cache hash table entries: 512
[    0.412195] Initializing cgroup subsys memory
[    0.412306] Initializing cgroup subsys devices
[    0.416394] Initializing cgroup subsys freezer
[    0.421043] Initializing cgroup subsys blkio
[    0.425397] Initializing cgroup subsys perf_event
[    0.430437] CPU: Testing write buffer coherency: ok
[    0.435725] CPU0: thread -1, cpu 0, socket 2, mpidr 80000200
[    0.441219] Setting up static identity map for 0xc0697ca0 - 0xc0697cf8
[    0.447857] L310 cache controller enabled
[    0.451944] l2x0: 8 ways, 2048 sets, CACHE_ID 0x4100a0c9,  Cache size: 524288 B
[    0.459340]       AUX_CTRL 0x7ec60001, PERFETCH_CTRL 0x75000007, POWER_CTRL  0x00000000
[    0.467491]       TAG_LATENCY 0x00000111, DATA_LATENCY 0x00000222
[    0.550335] CPU1: Booted secondary processor
[    0.550356] CPU1: thread -1, cpu 1, socket 2, mpidr 80000201
[    0.570336] CPU2: Booted secondary processor
[    0.570349] CPU2: thread -1, cpu 2, socket 2, mpidr 80000202
[    0.590328] CPU3: Booted secondary processor
[    0.590340] CPU3: thread -1, cpu 3, socket 2, mpidr 80000203
[    0.590429] Brought up 4 CPUs
[    0.618617] SMP: Total of 4 processors activated (8.00 BogoMIPS).
[    0.624846] CPU: All CPU(s) started in SVC mode.
[    0.630310] devtmpfs: initialized
[    0.639777] clkrate [ xtal 	] : 24000000
[    0.639821] clkrate [ pll_sys 	] : 1200000000
[    0.642776] clkrate [ pll_fixed 	] : 2550000000
[    0.647429] clkrate [ pll_vid 	] : 732000000
[    0.651855] clkrate [ pll_ddr 	] : 0
[    0.655566] clkrate [ a9_clk 	] : 1200000000
[    0.659983] clkrate [ clk81 	] : 159375000
[    0.664615] pinctrl core: initialized pinctrl subsystem
[    0.669800] regulator-dummy: no parameters
[    0.675774] NET: Registered protocol family 16
[    0.682702] DMA: preallocated 4096 KiB pool for atomic coherent allocations
[    0.686690] VPU driver version: v02
[    0.689164] load vpu_clk in dts: 182150000Hz(3)
[    0.693889] vpu_probe OK
[    0.696737] cma: Assigned CMA region with name cma_0 to amvenc_avc.0 device
[    0.705430] amlogic_gpio gpio: Probed amlogic GPIO driver
[    0.709611] register lm device lm-root
[    0.713112] register lm device lm1
[    0.716639] register lm device lm0
[    0.720238] hw-breakpoint: found 2 (+1 reserved) breakpoint and 1 watchpoint registers.
[    0.728308] hw-breakpoint: maximum watchpoint size is 4 bytes.
[    0.734396] Init pinux probe!
[    0.738114] pinmux-m8b pinmux: Probed amlogic pinctrl driver
[    0.743246] tv_init_module
[    0.746055] major number 254 for disp
[    0.749859] vout_register_server
[    0.753249] register tv module server ok
[    0.757366] call aml_dvfs_init in
[    0.760833] [DVFS]aml_dvfs_probe, child name:vcck_dvfs
[    0.760844] [DVFS]dvfs table of vcck_dvfs is:
[    0.760851] [DVFS]     freq,    min_uV,    max_uV
[    0.760858] [DVFS]    96000,    825000,    825000
[    0.760865] [DVFS]   192000,    825000,    825000
[    0.760871] [DVFS]   312000,    825000,    825000
[    0.760878] [DVFS]   408000,    825000,    825000
[    0.760884] [DVFS]   504000,    825000,    825000
[    0.760891] [DVFS]   600000,    825000,    825000
[    0.760897] [DVFS]   720000,    825000,    825000
[    0.760904] [DVFS]   816000,    850000,    850000
[    0.760910] [DVFS]  1008000,    875000,    875000
[    0.760917] [DVFS]  1200000,    925000,    925000
[    0.760923] [DVFS]  1320000,   1100000,   1100000
[    0.760930] [DVFS]  1488000,   1100000,   1100000
[    0.760937] [DVFS]  1536000,   1140000,   1140000
[    0.760943] [DVFS]  1632000,   1140000,   1140000
[    0.760950] [DVFS]  1728000,   1140000,   1140000
[    0.760956] [DVFS]  1824000,   1140000,   1140000
[    0.761032] hdmitx: system: amhdmitx_init
[    0.764927] hdmitx: system: Ver: 2014May6
[    0.769137] hdmitx: system: amhdmitx_probe
[    0.773613] hdmitx: system: gate/pwr cmd: 7
[    0.777658] hdmitx: system: ALREADY init VIC = 4
[    0.782436] hdmitx: system: gate/pwr cmd: 0
[    0.787183] hdmitx: system: reset intr mask
[    0.810395] hdmitx: system: irq 1
[    0.817674] bio: create slab <bio-0> at 0
[    0.818358] SCSI subsystem initialized
[    0.820323] usbcore: registered new interface driver usbfs
[    0.825805] usbcore: registered new interface driver hub
[    0.831318] usbcore: registered new device driver usb
[    0.836482] media: Linux media interface: v0.10
[    0.841132] Linux video capture interface: v2.00
[    0.846262] switch_vpu_mem_pd: unsupport vpu mod
[    0.850628] unsupport vmod
[    0.853469] TV mode 800x480p60hz selected.
[    0.857709] tvoutc_setmode[461]
[    0.861015] aml_logo: outputmode changed(12->15), reset osd1 scaler.
[    0.880935] get property:                  use_pwm, value:0x00000001, dec:       1
[    0.883064] get property:              table_count, value:0x0000001d, dec:      29
[    0.890783] meson_cs_dvfs_probe, table count:29, use_pwm:1, pwm controller:2
[    0.897947]  0, 010f001b,  860000
[    0.901415]  1, 01050025,  870000
[    0.904866]  2, 00fc002e,  880000
[    0.908329]  3, 00f30037,  890000
[    0.911805]  4, 00ea0040,  900000
[    0.915257]  5, 00e10049,  910000
[    0.918720]  6, 00d60054,  920000
[    0.922195]  7, 00cb005f,  930000
[    0.925647]  8, 00c0006a,  940000
[    0.929110]  9, 00b50075,  950000
[    0.932587] 10, 00aa0080,  960000
[    0.936041] 11, 00a0008a,  970000
[    0.939501] 12, 00960094,  980000
[    0.942976] 13, 008d009d,  990000
[    0.946428] 14, 007b00af, 1000000
[    0.949892] 15, 007200b8, 1010000
[    0.953367] 16, 006900c1, 1020000
[    0.956819] 17, 006000ca, 1030000
[    0.960294] 18, 005700d3, 1040000
[    0.963746] 19, 004e00dc, 1050000
[    0.967209] 20, 004500e5, 1060000
[    0.970684] 21, 003c00ee, 1070000
[    0.974137] 22, 003300f7, 1080000
[    0.977600] 23, 002a0100, 1090000
[    0.981075] 24, 00180109, 1100000
[    0.984527] 25, 000f011b, 1110000
[    0.987990] 26, 000a0120, 1120000
[    0.991465] 27, 00050125, 1130000
[    0.994918] 28, 0000012a, 1140000
[    0.998424] get pin for pwm--------
[    1.002037] [DVFS]aml_dvfs_register_driver, driver meson-cs-dvfs regist success, mask:1, source id:1
[    1.002261] Advanced Linux Sound Architecture Driver Initialized.
[    1.008666] Bluetooth: Core ver 2.16
[    1.012042] NET: Registered protocol family 31
[    1.016569] Bluetooth: HCI device and connection manager initialized
[    1.023086] Bluetooth: HCI socket layer initialized
[    1.028089] Bluetooth: L2CAP socket layer initialized
[    1.033313] Bluetooth: SCO socket layer initialized
[    1.038455] Loading modules backported from Linux version next-20150129-0-g828f79f
[    1.046035] Backport integrated by backports.git backports-20150129-0-gdd4a670
[    1.053597] cfg80211: Calling CRDA to update world regulatory domain
[    1.060636] Switching to clocksource Timer-E
[    1.064583] AppArmor: AppArmor Filesystem Enabled
[    1.076496] NET: Registered protocol family 2
[    1.077228] TCP established hash table entries: 8192 (order: 4, 65536 bytes)
[    1.082711] TCP bind hash table entries: 8192 (order: 4, 65536 bytes)
[    1.089311] TCP: Hash tables configured (established 8192 bind 8192)
[    1.095747] TCP: reno registered
[    1.099051] UDP hash table entries: 512 (order: 2, 16384 bytes)
[    1.105153] UDP-Lite hash table entries: 512 (order: 2, 16384 bytes)
[    1.111843] NET: Registered protocol family 1
[    1.116318] Unpacking initramfs...
[    1.606531] Freeing initrd memory: 9004K (c4e09000 - c56d4000)
[    1.607662] hw perfevents: enabled with ARMv7 Cortex-A9 PMU driver, 3 counters available
[    1.615726] audit: initializing netlink socket (disabled)
[    1.620723] type=2000 audit(1.530:1): initialized
[    1.626310] bounce pool size: 64 pages
[    1.634587] VFS: Disk quotas dquot_6.5.2
[    1.634862] Dquot-cache hash table entries: 1024 (order 0, 4096 bytes)
[    1.642001] aufs 3.10.x
[    1.642782] msgmni has been set to 1181
[    1.648244] Block layer SCSI generic (bsg) driver version 0.4 loaded (major 249)
[    1.654296] io scheduler noop registered
[    1.658559] io scheduler deadline registered
[    1.662900] io scheduler cfq registered (default)
[    1.709686] [drm] Initialized drm 1.1.0 20060810
[    1.709863] gpu cooling register okay with err=0
[    1.716488] Mali: Mali device driver loaded
[    1.718089] UMP: UMP device driver -jenkins-deb_kernel_c1-191 loaded
[    1.727185] loop: module loaded
[    1.728215] tun: Universal TUN/TAP device driver, 1.6
[    1.732935] tun: (C) 1999-2004 Max Krasnyansky <maxk@qualcomm.com>
[    1.739402] PPP generic driver version 2.4.2
[    1.744007] usbcore: registered new interface driver usb-storage
[    1.749959] usbcore: registered new interface driver usbserial
[    1.755858] usbcore: registered new interface driver usbserial_generic
[    1.762497] usbserial: USB Serial support registered for generic
[    1.768852] mousedev: PS/2 mouse device common for all mice
[    1.774603] i2c /dev entries driver
[    1.778310] device-mapper: uevent: version 1.0.3
[    1.782998] device-mapper: ioctl: 4.24.0-ioctl (2013-01-15) initialised: dm-devel@redhat.com
[    1.791455] Bluetooth: HCI UART driver ver 2.2
[    1.795906] Bluetooth: HCI H4 protocol initialized
[    1.800814] Bluetooth: HCI BCSP protocol initialized
[    1.805944] Bluetooth: HCILL protocol initialized
[    1.810771] Bluetooth: HCIATH3K protocol initialized
[    1.815901] Bluetooth: HCI Three-wire UART (H5) protocol initialized
[    1.822954] ledtrig-cpu: registered to indicate activity on CPUs
[    1.828616] hidraw: raw HID events driver (C) Jiri Kosina
[    1.834327] usbcore: registered new interface driver usbhid
[    1.839782] usbhid: USB HID core driver
[    1.843964] efuse===========================================
[    1.849743] efuse: device efuse created
[    1.853595] efuse--------------------------------------------
[    1.859458] vout_init_module
[    1.862498] start init vout module 
[    1.866236] create  vout attribute ok 
[    1.870238] ge2d_init
[    1.872592] ge2d_dev major:244
[    1.876034] ge2d start monitor
[    1.879266] osd_init
[    1.879278] ge2d workqueue monitor start
[    1.885740] osd_probe, vinfo:c06d8440
[    1.889785] Frame buffer memory assigned at phy:0x06100000, vir:0xf1000000, size=24576K
[    1.897654] osd_probe, mydef_var:c09bc6a4, vinfo:c06d8440
[    1.903163] init fbdev bpp is :32
[    1.906724] ---------------clear framebuffer0 memory  
[    1.936594] Console: switching to colour frame buffer device 160x90
[    1.949876] Frame buffer memory assigned at phy:0x07900000, vir:0xf0600000, size=1024K
[    1.957876] osd_probe, mydef_var:c09bc6a4, vinfo:c06d8440
[    1.963364] don't find to display_size_default from mesonfb-dts
[    1.969447] init fbdev bpp is :24
[    1.973321] osd probe ok  
[    1.975911] hdmitx: video: get current mode: 800x480p60hz
[    1.981468] hdmitx: video: get current mode: 800x480p60hz
[    1.987024] hdmitx: system: gate/pwr cmd: 7
[    1.991364] hdmitx: system: already init VIC = 0  Now VIC = 73
[    1.997333] hdmitx: system:  73 (cd0,cs0,pm1,vd0,1) 
[    2.002411] hdmitx: system: gate/pwr cmd: 0
[    2.006755] hdmitx: system: hw reset
[    2.011490] hdmitx: audio: SPDIF
[    2.013870] reconfig packet setting done
[    2.037899] hdmitx: system: set pll
[    2.037970] hdmitx: system: param->VIC:73
[    2.040138] mode is: 15
[    2.042712] VPU_VIU_VENC_MUX_CTRL: 0xa
[    2.046643] viu chan = 1
[    2.049300] VPU_VIU_VENC_MUX_CTRL: 0xa
[    2.053208] config HPLL
[    2.074331] config HPLL done
[    2.074399] enc_vpu_bridge_reset[314]
[    2.214327] hdmitx: system: phy setting done
[    2.214413] hdmi: fixing to DVI mode
[    2.216902] hdmi: Sink is DVI device
[    2.220629] hdmi: No sink attached
[    2.224210] hdmitx: audio: audio channel num is 0
[    2.229064] hdmitx: audio: SPDIF
[    2.232407] hdmitx: audio: current VIC: 73
[    2.236666] hdmitx: audio: audio sample rate: 0
[    2.241332] hdmitx: audio: reset audio N para
[    2.245857] hdmitx: audio: PCM out to HDMI
[    2.262499] hdmitx: audio: Time out: AIU_HDMI_CLK_DATA_CTRL
[    2.262672] hdmitx: audio: i2s_to_spdif_flag:1 
[    2.267357] hdmitx: audio: Enable audio spdif to HDMI
[    2.310471] amlvideo-000: V4L2 device registered as video10
[    2.310877] ionvideo-000: V4L2 device registered as video13
[    2.316422] Video Technology Magazine Ion Video Capture Board ver 1.0 successfully loaded.
[    2.324812] DI: di_init
[    2.324857] DI: di_probe
[    2.325204] aml_wdt_driver_init,306
[    2.328388] ** disable watchdog
[    2.331754] one-secod=7812,min_timeout=1,max_timeout=8,default_timeout=10,reset_watchdog_method=0,reset_watchdog_time=2,shutdown_timeout=10,firmware_timeout=6,suspend_timeout=6
[    2.347921] AML Watchdog Timer probed done 
[    2.352139] set uart_ao pinmux use pinctrl subsystem
[    2.357027] P_AO_RTI_PIN_MUX_REG:11801
[    2.360874] start uart_ao_ttyS0:(irq = 122)
[    2.365228] register uart_ao ok
[    2.368679] set uart_b pinmux use pinctrl subsystem
[    2.373505] P_AO_RTI_PIN_MUX_REG:11801
[    2.380913] start uart_b_ttyS2:(irq = 107)
[    2.385080] register uart_b ok
[    2.388632] dwc_otg: version 3.10a 12-MAY-2014
[    2.392867] dwc_otg_driver_probe NOT match
[    2.437131] usb1: type: 1, speed: 0, config: 0, dma: 0, id: 1, phy: fe108820, ctrl: fe080000
[    2.443679] USB (1) use clock source: XTAL input
[    2.469606] Core Release: 3.10a
[    2.473193] Setting default values for core params
[    2.476819] curmode: 1, host_only: 1
[    2.500527] Using Buffer DMA mode
[    2.504059] OTG VER PARAM: 1, OTG VER FLAG: 1
[    2.507620] Working on port type = HOST
[    2.511329] dwc_otg lm1: DWC OTG Controller
[    2.514907] dwc_otg lm1: new USB bus registered, assigned bus number 1
[    2.521463] dwc_otg lm1: irq 63, io mem 0x00000000
[    2.526388] -------hcd->flags.d32 = 0
[    2.530182] Init: Port Power? op_state=1
[    2.534231] Init1: Power Port (0)
[    2.538250] hub 1-0:1.0: USB hub found
[    2.541809] hub 1-0:1.0: 1 port detected
[    2.545912] usb0: type: 0, speed: 0, config: 0, dma: 0, id: 0, phy: fe108800, ctrl: fe040000
[    2.554418] USB (0) use clock source: XTAL input
[    2.580203] Core Release: 3.10a
[    2.583837] Setting default values for core params
[    2.587498] curmode: 1, host_only: 0
[    2.651202] Using Buffer DMA mode
[    2.654785] OTG VER PARAM: 1, OTG VER FLAG: 1
[    2.658330] Working on port type = OTG
[    2.661862] Current port type: SLAVE
[    2.665590] dwc_otg lm0: DWC OTG Controller
[    2.669101] dwc_otg lm0: new USB bus registered, assigned bus number 2
[    2.675801] dwc_otg lm0: irq 62, io mem 0x00000000
[    2.681097] hub 2-0:1.0: USB hub found
[    2.684595] hub 2-0:1.0: 1 port detected
[    2.688735] Dedicated Tx FIFOs mode
[    2.692576] using timer detect id change, ec8ee800
[    2.697413] ethernet_driver probe!
[    2.700876] ethernetinit(dbg[c09c12d4]=1)
[    2.704943] ethernet base addr is fe0c0000
[    2.709151] write mac add to:c524d248: 00 1e 06 11 40 53 |..@S|
[    2.715461] HOST mode
[    2.719681] libphy: AMLMAC MII Bus: probed
[    2.723204] eth0: PHY ID 001cc916 at 0 IRQ -1 (0:00) active
[    2.727888] eth0: PHY ID 001cc916 at 1 IRQ -1 (0:01) active
[    2.733698] amvideocap_init_module
[    2.737366] amvideocap_probe,amvideocap
[    2.741076] amvideocap_dev_register buf:0da00000,size:a00000.
[    2.744355] -------hcd->flags.d32 = 0
[    2.744375] Init: Port Power? op_state=1
[    2.744377] Init1: Power Port (0)
[    2.744380] set usb port power on (board gpio 5)!
[    2.763285] Indeed it is in host mode hprt0 = 00021501
[    2.763475] Amlogic A/V streaming port init
[    2.764735] init vdec memsource 9a00000->d9fffff
[    2.764831] [tsync_pcr_init]init success. 
[    2.764876] regist mpeg12 codec profile
[    2.764919] regist mpeg4 codec profile
[    2.764921] amvdec_vc1 module init
[    2.764962] regist vc1 codec profile
[    2.764964] amvdec_h264 module init
[    2.765035] regist h264 codec profile
[    2.765036] amvdec_h265 module init
[    2.765079] regist hevc codec profile
[    2.765126] regist mjpeg codec profile
[    2.765128] amvdec_real module init
[    2.765171] regist real codec profile
[    2.765173] amvdec_avs module init
[    2.765290] amvenc_avc memory resource undefined.
[    2.765291] encode_wq_init.
[    2.765296] encode start monitor.
[    2.765402] encode workqueue monitor start.
[    2.765600] regist avc codec profile
[    2.765603] jpegenc module init
[    2.765818] alloc_keep_buffer keep_y_addr ebe00000
[    2.765895] alloc_keep_buffer keep_u_addr c5400000
[    2.765923] alloc_keep_buffer keep_v_addr c5380000
[    2.765944] yaddr=ebe00000,u_addr=c5400000,v_addr=c5380000
[    2.766253] create_ge2d_work_queue video task ok 
[    2.766458] SARADC Driver init.
[    2.766571] __saradc_probe__
[    2.914476] saradc calibration: ref_val = 515
[    2.917686] saradc calibration: ref_nominal = 512
[    2.921369] saradc calibration: coef = 4120
[    2.925942] ir irblaster probe
[    2.929241] Remote Driver
[    2.932399] ==touch_ts_init==
[    2.935573] ==ft5x0x_ts_init==
[    2.938623] ==goodix_ts_init==
[    2.941654] i2c-core: driver [gslx680_compatible] using legacy suspend method
[    2.948406] i2c-core: driver [gslx680_compatible] using legacy resume method
[    2.955586] !!!ntp_ts: ret = 0. 
[    2.958886] VTL ct36x TouchScreen driver, <george.chen@vtl.com.cn>.
[    2.965412] i2c-core: driver [ct36x] using legacy suspend method
[    2.971505] i2c-core: driver [ct36x] using legacy resume method
[    2.977572] VTL ct36x TouchScreen driver End.
[    2.982014] ==gsl_ts_init==
[    2.985090] ret=0
[    2.988249] i2c-core: driver [mir3da] using legacy suspend method
[    2.993313] i2c-core: driver [mir3da] using legacy resume method
[    2.999501] i2c-core: driver [lis3dh_acc] using legacy suspend method
[    3.006021] i2c-core: driver [lis3dh_acc] using legacy resume method
[    3.012484] i2c-core: driver [bma222] using legacy suspend method
[    3.018687] i2c-core: driver [bma222] using legacy resume method
[    3.024856] i2c-core: driver [dmard06] using legacy suspend method
[    3.031118] i2c-core: driver [dmard06] using legacy resume method
[    3.037416] lsm303d driver: init
[    3.040751] i2c-core: driver [dmard10] using legacy suspend method
[    3.047101] i2c-core: driver [dmard10] using legacy resume method
[    3.053326] stk8313_init
[    3.054355] usb 1-1: new high-speed USB device number 2 using dwc_otg
[    3.062662] ======stk831x init ok======
[    3.066619] stk831x_init
[    3.066623] Indeed it is in host mode hprt0 = 00001101
[    3.074612] mxc622x accelerometer driver: init
[    3.079186] i2c-core: driver [mxc622x] using legacy suspend method
[    3.085531] i2c-core: driver [mxc622x] using legacy resume method
[    3.091726] mxc6255xc accelerometer driver: init
[    3.096541] i2c-core: driver [mxc6255xc] using legacy suspend method
[    3.103044] i2c-core: driver [mxc6255xc] using legacy resume method
[    3.109500] cm3217 v.1.0.0.1
[    3.112568] i2c-core: driver [elan_epl6814] using legacy suspend method
[    3.119254] i2c-core: driver [elan_epl6814] using legacy resume method
[    3.125914] i2c-core: driver [LTR501] using legacy suspend method
[    3.132143] i2c-core: driver [LTR501] using legacy resume method
[    3.138389] mmc driver version: 1.07, 2014-06-30: eMMC add hw reset function
[    3.146450] host->base fe108e00
[    3.149653] pdata->caps 80000546
[    3.152734] pdata->caps2 21
[    3.155810] get property:                     port, value:0x00000005
[    3.161587] get property:                ocr_avail, value:0x00200080
[    3.168076] get property:                    f_min, value:0x000493e0
[    3.174548] get property:                    f_max, value:0x05f5e100
[    3.180997] get property:             max_req_size, value:0x00020000
[    3.187496] get property:                  pinname, str:emmc
[    3.193264] get property:                card_type, value:0x00000001
[    3.199780] get property:                gpio_dat3, str:BOOT_3
[    3.205758] [is_emmc_exist] host->storage_flag=0, POR_BOOT_VALUE=1
[    3.264407] emmc: mmc_rescan_try_freq: trying to init card at 400000 Hz
[    3.268720] aml_emmc_hw_reset 1379
[    3.273707] hub 1-1:1.0: USB hub found
[    3.277168] hub 1-1:1.0: 4 ports detected
[    3.282421] Indeed it is in host mode hprt0 = 00021501
[    3.324354] [aml_sdhc_probe] aml_sdhc_probe() success!
[    3.328485] host->base fe108c20
[    3.331717] pdata->caps 107
[    3.334931] pdata->caps2 0
[    3.338091] get property:                     port, value:0x00000001
[    3.342793] get property:                ocr_avail, value:0x00200000
[    3.349323] get property:                    f_min, value:0x000493e0
[    3.355800] get property:                    f_max, value:0x02faf080
[    3.362261] get property:                  f_max_w, value:0x02faf080
[    3.368752] get property:             max_req_size, value:0x00020000
[    3.375254] get property:                   irq_in, value:0x00000003
[    3.381709] get property:                  irq_out, value:0x00000005
[    3.388232] get property:                  gpio_cd, str:CARD_6
[    3.394200] get property:                  pinname, str:sd
[    3.399809] get property:                card_type, value:0x00000005
[    3.406302] get property:                gpio_dat3, str:CARD_4
[    3.412245] get property:               gpio_volsw, str:GPIOAO_3
[    3.422919] emmc: BKOPS_EN bit is not set
[    3.426060] ###check hw reset function is already enabled here
[    3.431283] [aml_sd_voltage_switch][0;40;32m switch to 1.8V for a non-uhs device.
               [0m
[    3.463231] emmc: new HS200 MMC card at address 0001, clock 38636363, 8-bit-bus-width
[    3.464354] usb 2-1: new full-speed USB device number 2 using dwc_otg
[    3.464480] Indeed it is in host mode hprt0 = 00021501
[    3.484334] mmcblk0: emmc:0001 AJNB4R 14.5 GiB 
[    3.489524]  mmcblk0: p1 p2
[    3.493415] sd: mmc_rescan_try_freq: trying to init card at 400000 Hz
[    3.514364] [aml_sdio_probe] aml_sdio_probe() success!
[    3.517921] [dsp]DSP start addr 0xc5e00000
[    3.521700] [dsp]register dsp to char divece(257)
[    3.527516] aml_rtc rtc.1: rtc core: registered aml_rtc as rtc0
[    3.534028] amlogic rfkill init
[    3.537599] Bluetooth: btwake_control_init Driver Ver 1.1
[    3.541884] aml_hw_crypto initialization.
[    3.547004] enter aml_i2s_dai_probe
[    3.547014] i2s get no clk src setting in dts, use the default mpll 0
[    3.552376] enter aml_pcm_dai_probe
[    3.552595] enter spdif_dit_probe 
[    3.556124] aml_spdif_unmute 
[    3.560468] aml-i2s 0:playback preallocate_dma_buffer: area=f04fc000, addr=3c840000, size=65536
[    3.568212] aml-i2s 1:capture preallocate_dma_buffer: area=f050e000, addr=3c860000, size=65536
[    3.576690] aml_snd_m8 aml_m8_sound_card.4:  dit-hifi <-> aml-spdif-dai.0 mapping ok
[    3.585303] GACT probability NOT on
[    3.588978] Mirror/redirect action on
[    3.593370] NET: Registered protocol family 10
[    3.597945] mip6: Mobile IPv6
[    3.601586] sit: IPv6 over IPv4 tunneling driver
[    3.606203] NET: Registered protocol family 17
[    3.609904] NET: Registered protocol family 15
[    3.613631] Bridge firewalling registered
[    3.617826] Bluetooth: RFCOMM TTY layer initialized
[    3.622749] Bluetooth: RFCOMM socket layer initialized
[    3.628050] Bluetooth: RFCOMM ver 1.11
[    3.631847] Bluetooth: BNEP (Ethernet Emulation) ver 1.3
[    3.637328] Bluetooth: BNEP filters: protocol multicast
[    3.642691] Bluetooth: BNEP socket layer initialized
[    3.647800] Bluetooth: HIDP (Human Interface Emulation) ver 1.2
[    3.653825] Bluetooth: HIDP socket layer initialized
[    3.659001] NET: Registered protocol family 35
[    3.664176] VFP support v0.3: implementor 41 architecture 2 part 30 variant 5 rev 1
[    3.671366] Registering SWP/SWPB emulation handler
[    3.676468] pm-meson: probe of aml_pm_m8 failed with error -1
[    3.682661] registered taskstats version 1
[    3.686573] regulator-dummy: disabling
[    3.690539] Mali DRM initialize, driver name: mali_drm, version 2.1
[    3.697074] [drm] Initialized mali_drm 2.1.1 20140306 on minor 0
[    3.702952] Mali DRM initialize, driver name: mali_drm, version 2.1
[    3.709607] [drm] Initialized mali_drm 2.1.1 20140306 on minor 1
[    3.716169] aml_rtc rtc.1: setting system clock to 2019-07-22 19:12:43 UTC (1563822763)
[    3.723784] ### dt-test ### No testcase data in device tree; not running tests
[    3.731313] meson_cpufreq_probe:SYSPLL request to be fixed
[    3.736853] meson_cpufreq: no voltage_control prop
[    3.741750] voltage_control = 0
[    3.746463] <<-GTP-INFO->> GTP driver installing...
[    3.749693] buf[0]=f2,buf[1]=af,err=4
[    3.753059] adc=383,TS_C=18,flag=1
[    3.756591] efuse_flag=a
[    3.759522] amlogic_thermal_probe, this chip is trimmed, use thermal
[    3.765763] amlogic-thermal aml_thermal: amlogic thermal probe start
[    3.772257] #thermal-cells=7
[    3.775292] pdata->temp_trip_count=4
[    3.779000] temperature=70 on trip point=0
[    3.783232] fixing high_freq=1488001 to 1488000 at trip point 0,level=4
[    3.789996] fixing low_freq=1488001 to 1488000 at trip point 0,level=4
[    3.796687] gpu[0].gpu_high_freq=511,tmp_level[0].gpu_high_freq=511
[    3.803153] cpu[0] core num==3
[    3.806349] gpu[0] core num==2
[    3.809536] temperature=80 on trip point=1
[    3.813796] fixing high_freq=1200001 to 1200000 at trip point 1,level=7
[    3.820573] fixing low_freq=1200001 to 1200000 at trip point 1,level=7
[    3.827279] gpu[1].gpu_high_freq=435,tmp_level[1].gpu_high_freq=435
[    3.833736] cpu[1] core num==2
[    3.836945] gpu[1] core num==2
[    3.840133] temperature=90 on trip point=2
[    3.844398] fixing high_freq=800001 to 696000 at trip point 2,level=12
[    3.851072] fixing low_freq=800001 to 696000 at trip point 2,level=12
[    3.857682] gpu[2].gpu_high_freq=328,tmp_level[2].gpu_high_freq=328
[    3.864130] cpu[2] core num==1
[    3.867372] gpu[2] core num==1
[    3.870568] temperature=110 on trip point=3
[    3.874830] fixing high_freq=-1 to -22 at trip point 3,level=-1
[    3.880850] fixing low_freq=-1 to -22 at trip point 3,level=-1
[    3.886810] gpu[3].gpu_high_freq=-1,tmp_level[3].gpu_high_freq=-1
[    3.893045] cpu[3] core num==-1
[    3.896301] gpu[3] core num==-1
[    3.899550] idle interval=1000
[    3.902735] pdata->name:aml_thermal
[    3.906587] tmp_trip[0].cpu_core_upper=1
[    3.910438] tmp_trip[1].cpu_core_upper=2
[    3.914473] tmp_trip[2].cpu_core_upper=3
[    3.918508] tmp_trip[3].cpu_core_upper=-1
[    3.922640] aml_thermal bind thermal-cpucore-0 okay !
[    3.927876] aml_thermal bind thermal-cpufreq-0 okay !
[    3.932998] pdata->tmp_trip[0].gpu_lower_level=1
[    3.937759] pdata->tmp_trip[0].gpu_upper_level=1
[    3.942491] pdata->tmp_trip[1].gpu_lower_level=2
[    3.947222] pdata->tmp_trip[1].gpu_upper_level=2
[    3.951944] pdata->tmp_trip[2].gpu_lower_level=4
[    3.956699] pdata->tmp_trip[2].gpu_upper_level=4
[    3.961410] pdata->tmp_trip[3].gpu_lower_level=-1
[    3.966213] pdata->tmp_trip[3].gpu_upper_level=-1
[    3.971008] aml_thermal bind thermal-gpufreq-0 okay !
[    3.976320] amlogic: Kernel Thermal management registered
[    3.981736] amlogic-thermal aml_thermal: amlogic thermal probe done
[    3.988223] hdmitx: cec: CEC init
[    3.991695] hdmitx: cec: CEC task process
[    3.991833] input: cec_input as /devices/virtual/input/input0
[    3.991994] hdmitx: cec: hdmitx_device->cec_init_ready:0x1
[    3.991995] ALSA device list:
[    3.991998]   #0: ODROID-HDMI
[    4.044551] Freeing unused kernel memory: 224K (c0935000 - c096d000)
[    4.845482] tvmode set to 800x480p60hz
               
[    4.855608] don't set the same mode as current.
[    4.893716] tvmode set to 800x480p60hz
               
[    4.897373] don't set the same mode as current.
[    5.118222] force enable DISCARD here for ext4 fs
[    5.123452] checked enable EXT4 DISCARD here
[    5.125614] EXT4-fs (mmcblk0p2): mounted filesystem without journal. Opts: (null)
[    5.490624] systemd[1]: systemd 229 running in system mode. (+PAM +AUDIT +SELINUX +IMA +APPARMOR +SMACK +SYSVINIT +UTMP +LIBCRYPTSETUP +GCRYPT +GNUTLS +ACL +XZ -LZ4 +SECCOMP +BLKID +ELFUTILS +KMOD -IDN)
[    5.509232] systemd[1]: Detected architecture arm.
[    5.534953] systemd[1]: Set hostname to <odroid>.
[    5.939732] systemd[1]: Listening on Syslog Socket.
[    5.954581] systemd[1]: Listening on udev Kernel Socket.
[    5.974622] systemd[1]: Listening on Journal Socket.
[    5.994524] systemd[1]: Reached target Encrypted Volumes.
[    6.014479] systemd[1]: Reached target User and Group Name Lookups.
[    6.034598] systemd[1]: Started Forward Password Requests to Wall Directory Watch.
[    6.054594] systemd[1]: Listening on /dev/initctl Compatibility Named Pipe.
[    6.074541] systemd[1]: Listening on fsck to fsckd communication Socket.
[    6.094554] systemd[1]: Listening on Journal Socket (/dev/log).
[    6.114661] systemd[1]: Reached target Swap.
[    6.134624] systemd[1]: Started Trigger resolvconf update for networkd DNS.
[    6.155001] systemd[1]: Set up automount Arbitrary Executable File Formats File System Automount Point.
[    6.184861] systemd[1]: Created slice System Slice.
[    6.206488] systemd[1]: Starting Create list of required static device nodes for the current kernel...
[    6.236315] systemd[1]: Started Braille Device Support.
[    6.256709] systemd[1]: Starting Set console keymap...
[    6.277691] systemd[1]: Mounting POSIX Message Queue File System...
[    6.297019] systemd[1]: Starting Nameserver information manager...
[    6.319396] systemd[1]: Starting Load Kernel Modules...
[    6.334916] systemd[1]: Created slice system-serial\x2dgetty.slice.
[    6.345407] spicc spicc: device_id = 0 
[    6.347569] spicc spicc: pinctrl_name = default
[    6.350579] spicc spicc: num_chipselect = 5
[    6.354987] spicc spicc: cs_gpios[0] = GPIOX_20(117)
[    6.360029] spicc spicc: cs_gpios[1] = GPIOX_21(118)
[    6.365168] spicc spicc: cs_gpios[2] = GPIOX_6(103)
[    6.370161] spicc spicc: cs_gpios[3] = GPIOX_5(102)
[    6.375246] spicc spicc: cs_gpios[4] = GPIOX_4(101)
[    6.380239] spicc spicc: regs = fe108d80
[    6.384564] spicc spicc: master is unqueued, this is deprecated
[    6.396570] systemd[1]: Starting Uncomplicated firewall...
[    6.406639] CAN device driver interface
[    6.417236] systemd[1]: Started Read required files in advance.
[    6.417650] spi spi0.0: spicc_setup : spi->bits_per_word = 8, spi->max_spped_hz = 10000000, spi->chip_select = 0, spi->mode = 0x00
[    6.417756] !!!!!!!!!!!!!!!!!!!! oscillator_f = 16000000
[    6.428564] mcp251x spi0.0: probed
[    6.432666] !!!!!!!!!!!!!!!!!!!! oscillator_f = 16000000
[    6.443149] mcp251x spi0.3: probed
[    6.447177] !!!!!!!!!!!!!!!!!!!! oscillator_f = 16000000
[    6.457776] mcp251x spi0.4: probed
[    6.476373] spi spi0.2: spicc_setup : spi->bits_per_word = 8, spi->max_spped_hz = 2000000, spi->chip_select = 2, spi->mode = 0x00
[    6.477219] systemd[1]: Starting Remount Root and Kernel File Systems...
[    6.493433] EXT4-fs (mmcblk0p2): re-mounted. Opts: errors=remount-ro
[    6.508916] spi spi0.1: spicc_setup : spi->bits_per_word = 8, spi->max_spped_hz = 1000000, spi->chip_select = 1, spi->mode = 0x00
[    6.511028] systemd[1]: Starting Journal Service...
[    6.522991]  reg:2620,clearmask=10001,setmask=10001
[    6.528163] reg:2621,clearmask=ff,set pin=88
[    6.532589] reg:2623,clearmask=7,setmask=7
[    6.537064] ads7846 spi0.1: touchscreen, irq 96
[    6.541834] input: ADS7846 Touchscreen as /devices/platform/spicc/spi_master/spi0/spi0.1/input/input1
[    6.553745] spicc spicc: SPICC init ok 
[    6.574793] systemd[1]: Created slice User and Session Slice.
[    6.594532] systemd[1]: Reached target Slices.
[    6.614695] systemd[1]: Listening on udev Control Socket.
[    6.634538] systemd[1]: Reached target Remote File Systems (Pre).
[    6.654516] systemd[1]: Reached target Remote File Systems.
[    6.676321] systemd[1]: Mounting Debug File System...
[    6.699186] systemd[1]: Mounted Debug File System.
[    6.714560] systemd[1]: Mounted POSIX Message Queue File System.
[    6.734820] systemd[1]: Started Journal Service.
[    7.413187] systemd-journald[214]: Received request to flush runtime journal from PID 1
[    7.947434] gpiomem-meson c1108000.gpiomem: Initialised: Registers at 0xc1108000
[    8.291162] input: RPI_TOUCH By ZH851 as /devices/lm0/usb2/2-1/2-1:1.0/input/input2
[    8.293487] dwav_usb_mt 2-1:1.0: ODROID VU5 MultiTouch(800x480)
[    8.293575] usbcore: registered new interface driver dwav_usb_mt
[    9.131092] ionvideo open
[    9.131401] ionvideo_stop_generating!!!!
[    9.131429] ionvideo release
[    9.353711] FAT-fs (mmcblk0p1): Volume was not properly unmounted. Some data may be corrupt. Please run fsck.
[    9.495416] sd: mmc_rescan_try_freq: trying to init card at 300000 Hz
[    9.757372] type=1400 audit(1563822769.530:2): apparmor="STATUS" operation="profile_load" name="/usr/bin/ubuntu-core-launcher" pid=552 comm="apparmor_parser"
[    9.771896] type=1400 audit(1563822769.540:3): apparmor="STATUS" operation="profile_load" name="/sbin/dhclient" pid=550 comm="apparmor_parser"
[    9.772479] type=1400 audit(1563822769.540:4): apparmor="STATUS" operation="profile_load" name="/usr/lib/NetworkManager/nm-dhcp-client.action" pid=550 comm="apparmor_parser"
[    9.773037] type=1400 audit(1563822769.540:5): apparmor="STATUS" operation="profile_load" name="/usr/lib/NetworkManager/nm-dhcp-helper" pid=550 comm="apparmor_parser"
[    9.773568] type=1400 audit(1563822769.540:6): apparmor="STATUS" operation="profile_load" name="/usr/lib/connman/scripts/dhclient-script" pid=550 comm="apparmor_parser"
[    9.774096] type=1400 audit(1563822769.540:7): apparmor="STATUS" operation="profile_load" name="/usr/lib/snapd/snap-confine" pid=553 comm="apparmor_parser"
[    9.775392] type=1400 audit(1563822769.550:8): apparmor="STATUS" operation="profile_load" name="/usr/lib/snapd/snap-confine//mount-namespace-capture-helper" pid=553 comm="apparmor_parser"
[    9.781815] type=1400 audit(1563822769.550:9): apparmor="STATUS" operation="profile_load" name="/usr/sbin/cups-browsed" pid=554 comm="apparmor_parser"
[    9.782657] type=1400 audit(1563822769.550:10): apparmor="STATUS" operation="profile_load" name="/usr/sbin/ippusbxd" pid=556 comm="apparmor_parser"
[    9.782740] type=1400 audit(1563822769.550:11): apparmor="STATUS" operation="profile_load" name="/usr/lib/lightdm/lightdm-guest-session" pid=549 comm="apparmor_parser"
[   10.063083] mcp251x spi0.0 can0: bitrate error 0.0%
[   10.096094]  reg:2620,clearmask=20002,setmask=10001
[   10.096107] reg:2621,clearmask=ff00,set pin=87
[   10.096113] reg:2623,clearmask=70,setmask=0
[   10.106645] mcp251x spi0.3: CNF: 0x0e 0xf5 0x01
[   10.107468] ERROR(meson_fix_irqbank):already allocation irq bank(1)!!
[   10.111127] meson_fix_irqbank : new allocation irq bank(2)!!
[   10.118903]  reg:2620,clearmask=40004,setmask=10001
[   10.118919] reg:2621,clearmask=ff0000,set pin=104
[   10.118925] reg:2623,clearmask=700,setmask=0
[   10.134852] mcp251x spi0.0: CNF: 0x0d 0xc8 0x01
[   10.135604] ERROR(meson_fix_irqbank):already allocation irq bank(1)!!
[   10.139339] meson_fix_irqbank : new allocation irq bank(3)!!
[   10.145232]  reg:2620,clearmask=80008,setmask=10001
[   10.145246] reg:2621,clearmask=ff000000,set pin=116
[   10.145251] reg:2623,clearmask=7000,setmask=0
[   10.157135] mcp251x spi0.4: CNF: 0x0e 0xf5 0x01
[   12.305324] can: controller area network core (rev 20120528 abi 9)
[   12.305532] NET: Registered protocol family 29
[   12.354780] can: raw protocol (rev 20120528)
[   12.728821] netdev_open
[   12.728834] Ethernet reset
[   12.728856] NET MDA descpter start addr=eb100000
[   12.810613] phy_interface = 0
[   12.810626] aml_phy_init:  trying to attach to 0:01
[   12.810804] am_rtl811f called phy reset
[    9.132116] amlvideo openamlvideo close
[   12.824496] --1--write mac add to:
[   12.824510] c524d248: 00 1e 06 11 40 53 |..@S|
[   12.824529] --2--write mac add to:c524d248: 00 1e 06 11 40 53 |..@S|
[   12.824544] write mac add to:c524d248: 00 1e 06 11 40 53 |..@S|
[   12.824561] Current DMA mode=0, set mode=621c100
[   12.824593] eth0: opened (irq 40).
[   12.834597] ether leave promiscuous mode
[   12.834608] ether leave all muticast mode
[   12.834794] IPv6: ADDRCONF(NETDEV_UP): eth0: link is not ready
[   13.959407] create_disp_get_ump_secure_id******0
[   13.959997] create_disp_get_ump_secure_id******1
[   15.824437] [adjust link] -> eth: full-duplex
[   15.824451] [adjust link] -> eth: phy_speed <> priv_speed)
[   15.824456] [adjust link] -> eth: switching to RGMII 100
[   15.824469] [adjust link -> eth: am_adjust_link state change (new_state=true)
[   15.824475] libphy: 0:01 - Link is Up - 100/Full
[   15.824533] IPv6: ADDRCONF(NETDEV_CHANGE): eth0: link becomes ready
[   17.277652] gpiomem-meson c1108000.gpiomem: gpiomem device opened.
